2025-03-20 10:54:11,482 - INFO - Connecting to ftp.expecting.ca with username mig@expecting.ca
2025-03-20 10:54:11,485 - INFO - Testing connection...
2025-03-20 10:54:11,830 - INFO - Connected to ftp.expecting.ca (standard FTP)
2025-03-20 10:54:11,906 - INFO - Changed to public_html directory
2025-03-20 10:54:11,979 - INFO - Changed to cqil.ca directory
2025-03-20 10:54:12,937 - INFO - Uploading CONTRIBUTING.md
2025-03-20 10:54:13,366 - INFO - Uploaded CONTRIBUTING.md
2025-03-20 10:54:13,449 - INFO - Uploading health-check.html
2025-03-20 10:54:13,844 - INFO - Uploaded health-check.html
2025-03-20 10:54:14,195 - INFO - Uploading health.html
2025-03-20 10:54:14,602 - INFO - Uploaded health.html
2025-03-20 10:54:14,688 - INFO - Uploading index.html
2025-03-20 10:54:15,187 - INFO - Uploaded index.html
2025-03-20 10:54:15,269 - INFO - Uploading launch_website.bat
2025-03-20 10:54:15,676 - INFO - Uploaded launch_website.bat
2025-03-20 10:54:15,756 - INFO - Uploading launch_website.sh
2025-03-20 10:54:16,150 - INFO - Uploaded launch_website.sh
2025-03-20 10:54:16,230 - INFO - Uploading MYWish.md
2025-03-20 10:54:16,645 - INFO - Uploaded MYWish.md
2025-03-20 10:54:16,724 - INFO - Uploading QuantumImplementationPlan.md
2025-03-20 10:54:17,213 - INFO - Uploaded QuantumImplementationPlan.md
2025-03-20 10:54:17,291 - INFO - Uploading README.md
2025-03-20 10:54:17,699 - INFO - Uploaded README.md
2025-03-20 10:54:17,780 - INFO - Uploading WISHLIST.md
2025-03-20 10:54:18,186 - INFO - Uploaded WISHLIST.md
2025-03-20 10:54:18,302 - INFO - Uploading css/golden-age.css
2025-03-20 10:54:18,808 - INFO - Uploaded css/golden-age.css
2025-03-20 10:54:18,888 - INFO - Uploading css/style.css
2025-03-20 10:54:19,376 - INFO - Uploaded css/style.css
2025-03-20 10:54:20,250 - INFO - Uploading docs/getting_started.md
2025-03-20 10:54:20,655 - INFO - Uploaded docs/getting_started.md
2025-03-20 10:54:20,736 - INFO - Uploading docs/mobile_guide.md
2025-03-20 10:54:21,175 - INFO - Uploaded docs/mobile_guide.md
2025-03-20 10:54:21,255 - INFO - Uploading docs/public_api.md
2025-03-20 10:54:21,656 - INFO - Uploaded docs/public_api.md
2025-03-20 10:54:21,742 - INFO - Uploading hosting/cloudflare_setup.md
2025-03-20 10:54:22,174 - INFO - Uploaded hosting/cloudflare_setup.md
2025-03-20 10:54:22,283 - INFO - Uploading hosting/godaddy_setup.md
2025-03-20 10:54:22,673 - INFO - Uploaded hosting/godaddy_setup.md
2025-03-20 10:54:22,764 - INFO - Uploading hosting/setup.md
2025-03-20 10:54:23,178 - INFO - Uploaded hosting/setup.md
2025-03-20 10:54:23,277 - INFO - Uploading js/advanced-quantum.js
2025-03-20 10:54:23,678 - INFO - Uploaded js/advanced-quantum.js
2025-03-20 10:54:23,760 - INFO - Uploading js/ai-quantum-coach.js
2025-03-20 10:54:24,335 - INFO - Uploaded js/ai-quantum-coach.js
2025-03-20 10:54:24,417 - INFO - Uploading js/golden-age.js
2025-03-20 10:54:25,013 - INFO - Uploaded js/golden-age.js
2025-03-20 10:54:25,096 - INFO - Uploading js/interactive-features.js
2025-03-20 10:54:25,596 - INFO - Uploaded js/interactive-features.js
2025-03-20 10:54:25,687 - INFO - Uploading js/interactive-learning.js
2025-03-20 10:54:26,287 - INFO - Uploaded js/interactive-learning.js
2025-03-20 10:54:26,368 - INFO - Uploading js/phi-harmonic-ui.js
2025-03-20 10:54:26,769 - INFO - Uploaded js/phi-harmonic-ui.js
2025-03-20 10:54:26,852 - INFO - Uploading js/quantum-adaptive-learning.js
2025-03-20 10:54:27,308 - INFO - Uploaded js/quantum-adaptive-learning.js
2025-03-20 10:54:27,389 - INFO - Uploading js/quantum-connection.js
2025-03-20 10:54:27,985 - INFO - Uploaded js/quantum-connection.js
2025-03-20 10:54:28,098 - INFO - Uploading js/quantum-experience.js
2025-03-20 10:54:28,502 - INFO - Uploaded js/quantum-experience.js
2025-03-20 10:54:28,582 - INFO - Uploading js/quantum-flow.js
2025-03-20 10:54:28,986 - INFO - Uploaded js/quantum-flow.js
2025-03-20 10:54:29,069 - INFO - Uploading js/quantum-mastery.js
2025-03-20 10:54:29,653 - INFO - Uploaded js/quantum-mastery.js
2025-03-20 10:54:29,837 - INFO - Uploading js/quantum-experience/cymatics-visualizer.js
2025-03-20 10:54:30,338 - INFO - Uploaded js/quantum-experience/cymatics-visualizer.js
2025-03-20 10:54:30,501 - INFO - Uploading js/quantum-experience/dna-resonance.js
2025-03-20 10:54:30,990 - INFO - Uploaded js/quantum-experience/dna-resonance.js
2025-03-20 10:54:31,146 - INFO - Uploading js/quantum-experience/quantum-being-portal.js
2025-03-20 10:54:31,624 - INFO - Uploaded js/quantum-experience/quantum-being-portal.js
2025-03-20 10:54:31,791 - INFO - Uploading js/quantum-experience/sacred-geometry.js
2025-03-20 10:54:32,287 - INFO - Uploaded js/quantum-experience/sacred-geometry.js
2025-03-20 10:54:32,456 - INFO - Uploading js/quantum-experience/time-crystal.js
2025-03-20 10:54:32,950 - INFO - Uploaded js/quantum-experience/time-crystal.js
2025-03-20 10:54:33,107 - INFO - Uploading js/quantum-experience/zen-point-field.js
2025-03-20 10:54:33,563 - INFO - Uploaded js/quantum-experience/zen-point-field.js
2025-03-20 10:54:33,656 - INFO - Uploading mobile/index.html
2025-03-20 10:54:34,069 - INFO - Uploaded mobile/index.html
2025-03-20 10:54:34,234 - INFO - Uploading mobile/beta/index.html
2025-03-20 10:54:34,656 - INFO - Uploaded mobile/beta/index.html
2025-03-20 10:54:34,750 - INFO - Uploading pages/examples.html
2025-03-20 10:54:35,146 - INFO - Uploaded pages/examples.html
2025-03-20 10:54:35,244 - INFO - Uploading pages/experiments.html
2025-03-20 10:54:35,724 - INFO - Uploaded pages/experiments.html
2025-03-20 10:54:35,807 - INFO - Uploading pages/golden-age.html
2025-03-20 10:54:36,293 - INFO - Uploaded pages/golden-age.html
2025-03-20 10:54:36,373 - INFO - Uploading pages/visualizations.html
2025-03-20 10:54:36,777 - INFO - Uploaded pages/visualizations.html
