Deployment initiated at Sat Mar 29 22:06:08 EDT 2025
Files deployed:
/mnt/d/CQIL/website_deployed/.github/workflows/deploy.yml
/mnt/d/CQIL/website_deployed/.gitignore
/mnt/d/CQIL/website_deployed/CONTRIBUTING.md
/mnt/d/CQIL/website_deployed/MYWish.md
/mnt/d/CQIL/website_deployed/QuantumImplementationPlan.md
/mnt/d/CQIL/website_deployed/README.md
/mnt/d/CQIL/website_deployed/WISHLIST.md
/mnt/d/CQIL/website_deployed/assets/placeholder.txt
/mnt/d/CQIL/website_deployed/css/cascade-quantum.css
/mnt/d/CQIL/website_deployed/css/golden-age.css
/mnt/d/CQIL/website_deployed/css/quantum-experiments.css
/mnt/d/CQIL/website_deployed/css/quantum-path.css
/mnt/d/CQIL/website_deployed/css/quantum-tools.css
/mnt/d/CQIL/website_deployed/css/style.css
/mnt/d/CQIL/website_deployed/css/visual-learning.css
/mnt/d/CQIL/website_deployed/deploy/requirements.txt
/mnt/d/CQIL/website_deployed/deploy/website_manager.py
/mnt/d/CQIL/website_deployed/docs/QUANTUM_INTERACTIVE_EXPERIENCES.md
/mnt/d/CQIL/website_deployed/docs/getting_started.md
/mnt/d/CQIL/website_deployed/docs/mobile_guide.md
/mnt/d/CQIL/website_deployed/docs/public_api.md
/mnt/d/CQIL/website_deployed/health-check.html
/mnt/d/CQIL/website_deployed/health.html
/mnt/d/CQIL/website_deployed/hosting/cloudflare_setup.md
/mnt/d/CQIL/website_deployed/hosting/godaddy_setup.md
/mnt/d/CQIL/website_deployed/hosting/setup.md
/mnt/d/CQIL/website_deployed/index.html
/mnt/d/CQIL/website_deployed/js/advanced-quantum.js
/mnt/d/CQIL/website_deployed/js/ai-quantum-coach.js
/mnt/d/CQIL/website_deployed/js/cascade-frequencies.js
/mnt/d/CQIL/website_deployed/js/cascade-quantum-engine.js
/mnt/d/CQIL/website_deployed/js/cascade-quantum-path.js
/mnt/d/CQIL/website_deployed/js/cascade-quantum-shaders.js
/mnt/d/CQIL/website_deployed/js/cascade-superposition.js
/mnt/d/CQIL/website_deployed/js/cascade-unity.js
/mnt/d/CQIL/website_deployed/js/cascade-wave-particle.js
/mnt/d/CQIL/website_deployed/js/components/quantum-button.js
/mnt/d/CQIL/website_deployed/js/golden-age.js
/mnt/d/CQIL/website_deployed/js/interactive-features.js
/mnt/d/CQIL/website_deployed/js/interactive-learning.js
/mnt/d/CQIL/website_deployed/js/mycelial-network.js
/mnt/d/CQIL/website_deployed/js/phi-harmonic-ui.js
/mnt/d/CQIL/website_deployed/js/quantum-adaptive-learning.js
/mnt/d/CQIL/website_deployed/js/quantum-common.js
/mnt/d/CQIL/website_deployed/js/quantum-connection.js
/mnt/d/CQIL/website_deployed/js/quantum-cymatic-field.js
/mnt/d/CQIL/website_deployed/js/quantum-entanglement-visualizer.js
/mnt/d/CQIL/website_deployed/js/quantum-experience.js
/mnt/d/CQIL/website_deployed/js/quantum-experience/consciousness-harmonics-map.js
/mnt/d/CQIL/website_deployed/js/quantum-experience/cymatics-visualizer.js
/mnt/d/CQIL/website_deployed/js/quantum-experience/dna-resonance.js
/mnt/d/CQIL/website_deployed/js/quantum-experience/earth-connection-visualizer.js
/mnt/d/CQIL/website_deployed/js/quantum-experience/linguistic-consciousness-interface.js
/mnt/d/CQIL/website_deployed/js/quantum-experience/phi-harmonic-field.js
/mnt/d/CQIL/website_deployed/js/quantum-experience/quantum-being-portal.js
/mnt/d/CQIL/website_deployed/js/quantum-experience/quantum-manifestation-flow.js
/mnt/d/CQIL/website_deployed/js/quantum-experience/sacred-geometry.js
/mnt/d/CQIL/website_deployed/js/quantum-experience/time-crystal.js
/mnt/d/CQIL/website_deployed/js/quantum-experience/toroidal-communication-field.js
/mnt/d/CQIL/website_deployed/js/quantum-experience/zen-point-field.js
/mnt/d/CQIL/website_deployed/js/quantum-flow.js
/mnt/d/CQIL/website_deployed/js/quantum-learning-path.js
/mnt/d/CQIL/website_deployed/js/quantum-mastery.js
/mnt/d/CQIL/website_deployed/js/quantum-probability.js
/mnt/d/CQIL/website_deployed/js/quantum-superposition.js
/mnt/d/CQIL/website_deployed/js/quantum-teleportation.js
/mnt/d/CQIL/website_deployed/js/terminology-translation.js
/mnt/d/CQIL/website_deployed/js/visual-quantum-learning.js
/mnt/d/CQIL/website_deployed/js/wave-particle-demo.js
/mnt/d/CQIL/website_deployed/js/wave-particle-duality.js
/mnt/d/CQIL/website_deployed/js/zero-point-field.js
/mnt/d/CQIL/website_deployed/launch_website.bat
/mnt/d/CQIL/website_deployed/launch_website.sh
/mnt/d/CQIL/website_deployed/mobile/beta/index.html
/mnt/d/CQIL/website_deployed/mobile/index.html
/mnt/d/CQIL/website_deployed/pages/consciousness-gallery.html
/mnt/d/CQIL/website_deployed/pages/consciousness-harmonics.html
/mnt/d/CQIL/website_deployed/pages/earth-connection.html
/mnt/d/CQIL/website_deployed/pages/examples.html
/mnt/d/CQIL/website_deployed/pages/experiments.html
/mnt/d/CQIL/website_deployed/pages/golden-age.html
/mnt/d/CQIL/website_deployed/pages/learning.html
/mnt/d/CQIL/website_deployed/pages/linguistic-consciousness.html
/mnt/d/CQIL/website_deployed/pages/meditation.html
/mnt/d/CQIL/website_deployed/pages/quantum-entanglement.html
/mnt/d/CQIL/website_deployed/pages/quantum-experiments.html
/mnt/d/CQIL/website_deployed/pages/quantum-manifestation.html
/mnt/d/CQIL/website_deployed/pages/quantum-tools-suite.html
/mnt/d/CQIL/website_deployed/pages/terminology-demo.html
/mnt/d/CQIL/website_deployed/pages/terminology-reference.html
/mnt/d/CQIL/website_deployed/pages/toroidal-communication.html
/mnt/d/CQIL/website_deployed/pages/visualizations.html
/mnt/d/CQIL/website_deployed/secure_logs/deploy_20250315_141334.log
/mnt/d/CQIL/website_deployed/secure_logs/deploy_20250315_141744.log
/mnt/d/CQIL/website_deployed/secure_logs/deploy_20250315_224206.log
/mnt/d/CQIL/website_deployed/secure_logs/deploy_20250316_125159.log
/mnt/d/CQIL/website_deployed/secure_logs/deploy_20250316_130127.log
/mnt/d/CQIL/website_deployed/secure_logs/deploy_20250316_130156.log
/mnt/d/CQIL/website_deployed/secure_logs/deploy_20250329_220606.log
Deployment completed at Sat Mar 29 22:06:08 EDT 2025
